// Vitest Snapshot v1, https://vitest.dev/guide/snapshot.html

exports[`UiRadioGroup > matches snapshot 1`] = `
"<div class="flex gap-2"><label class="has-checked:bg-secondary flex size-10 items-center justify-center rounded-md"><input type="radio" class="hidden" value="value1">
    <anonymous-stub></anonymous-stub>
  </label><label class="has-checked:bg-secondary flex size-10 items-center justify-center rounded-md"><input type="radio" class="hidden" value="value2">
    <anonymous-stub></anonymous-stub>
  </label></div>"
`;
