// Vitest Snapshot v1, https://vitest.dev/guide/snapshot.html

exports[`UiTextArea > matches snapshot 1`] = `"<textarea placeholder="custom placeholder" enterkeyhint="send" class="bg-background text-primary border-secondary h-[130px] w-full resize-none rounded-md border px-4 py-3 outline-hidden"></textarea>"`;
